#-----------------------------------------------------------
# Vivado v2019.1 (64-bit)
# SW Build 2552052 on Fri May 24 14:49:42 MDT 2019
# IP Build 2548770 on Fri May 24 18:01:18 MDT 2019
# Start of session at: Tue Sep 22 11:44:39 2020
# Process ID: 9104
# Current directory: C:/Users/PSlaptop/Desktop/HwnSynLab/lab folder/lab4
# Command line: vivado.exe -gui_launcher_event rodinguilauncherevent1292 C:\Users\PSlaptop\Desktop\HwnSynLab\lab folder\lab4\lab4.xpr
# Log file: C:/Users/PSlaptop/Desktop/HwnSynLab/lab folder/lab4/vivado.log
# Journal file: C:/Users/PSlaptop/Desktop/HwnSynLab/lab folder/lab4\vivado.jou
#-----------------------------------------------------------
start_gui
open_project {C:/Users/PSlaptop/Desktop/HwnSynLab/lab folder/lab4/lab4.xpr}
update_compile_order -fileset sources_1
# Disabling source management mode.  This is to allow the top design properties to be set without GUI intervention.
set_property source_mgmt_mode None [current_project]
set_property top stack [current_fileset]
# Re-enabling previously disabled source management mode.
set_property source_mgmt_mode All [current_project]
update_compile_order -fileset sources_1
